// Vitest Snapshot v1

exports[`About Snapshots should mount correctly 1`] = `
<div class="about-container">
  <h1>ABOUT</h1>
  <h2>Hi Vue.Porto ðŸ‘‹</h2>
  <p>This is a simple <strongdemo>Vite + Vue3 + Vitest App</strongdemo made for 5/25/2022.</p>
</div>
`;
